option R found
i is 0
pos is 0
app->option_ch[0] is 1
Makefile
a.out
a.out.dSYM
diff.txt
ft_binary_tree.c
ft_binary_tree.o
ft_ls
ft_ls.c
ft_ls.h
ft_ls.o
ftls_flagtable.c
ftls_flagtable.o
ftls_getstatus.c
ftls_getstatus.o
ftls_output.c
ftls_output.o
ftls_tree_comp.c
ftls_tree_comp.o
libft
main.c
main.o
output.txt
output2.txt
test
test_output.txt
trash

./a.out.dSYM:
Contents

./a.out.dSYM/Contents:
Info.plist
Resources

./a.out.dSYM/Contents/Resources:
DWARF

./a.out.dSYM/Contents/Resources/DWARF:
a.out

./libft:
author
char_form.c
field_flags.c
field_man_flag.c
flag_checker.c
float_form.c
format_str.c
ft_arriszero.c
ft_arriszero.o
ft_atoi.c
ft_atoi.o
ft_atol.c
ft_atol.o
ft_bzero.c
ft_bzero.o
ft_check_wrd_dup.c
ft_check_wrd_dup.o
ft_dec_to_oct.c
ft_dec_to_oct.o
ft_int_to_hex.c
ft_int_to_hex.o
ft_isalnum.c
ft_isalnum.o
ft_isalpha.c
ft_isalpha.o
ft_isascii.c
ft_isascii.o
ft_isdigit.c
ft_isdigit.o
ft_isprint.c
ft_isprint.o
ft_itoa.c
ft_itoa.o
ft_itoa_base.c
ft_itoa_base.o
ft_ldtoa.c
ft_ldtoa.o
ft_libaselen.c
ft_libaselen.o
ft_list_size.c
ft_list_size.o
ft_lldeduct.c
ft_lldeduct.o
ft_llitoa_base.c
ft_llitoa_base.o
ft_lstadd.c
ft_lstadd.o
ft_lstaddend.c
ft_lstaddend.o
ft_lstdel.c
ft_lstdel.o
ft_lstdelone.c
ft_lstdelone.o
ft_lstiter.c
ft_lstiter.o
ft_lstmap.c
ft_lstmap.o
ft_lstnew.c
ft_lstnew.o
ft_memalloc.c
ft_memalloc.o
ft_memccpy.c
ft_memccpy.o
ft_memchr.c
ft_memchr.o
ft_memcmp.c
ft_memcmp.o
ft_memcpy.c
ft_memcpy.o
ft_memdel.c
ft_memdel.o
ft_memmove.c
ft_memmove.o
ft_memset.c
ft_memset.o
ft_power_of.c
ft_power_of.o
ft_power_of_lli.c
ft_power_of_lli.o
ft_print_bits.c
ft_printf.c
ft_printf.h
ft_printf.o
ft_putchar.c
ft_putchar.o
ft_putchar_fd.c
ft_putchar_fd.o
ft_putendl.c
ft_putendl.o
ft_putendl_fd.c
ft_putendl_fd.o
ft_putnbr.c
ft_putnbr.o
ft_putnbr_fd.c
ft_putnbr_fd.o
ft_putstr.c
ft_putstr.o
ft_putstr_fd.c
ft_putstr_fd.o
ft_strcat.c
ft_strcat.o
ft_strchr.c
ft_strchr.o
ft_strclr.c
ft_strclr.o
ft_strcmp.c
ft_strcmp.o
ft_strcpy.c
ft_strcpy.o
ft_strdel.c
ft_strdel.o
ft_strdup.c
ft_strdup.o
ft_strequ.c
ft_strequ.o
ft_strischar.c
ft_strischar.o
ft_striter.c
ft_striter.o
ft_striteri.c
ft_striteri.o
ft_strjoin.c
ft_strjoin.o
ft_strlcat.c
ft_strlcat.o
ft_strlen.c
ft_strlen.o
ft_strmap.c
ft_strmap.o
ft_strmapi.c
ft_strmapi.o
ft_strncat.c
ft_strncat.o
ft_strncmp.c
ft_strncmp.o
ft_strncpy.c
ft_strncpy.o
ft_strnequ.c
ft_strnequ.o
ft_strnew.c
ft_strnew.o
ft_strnewc.c
ft_strnewc.o
ft_strnstr.c
ft_strnstr.o
ft_strrchr.c
ft_strrchr.o
ft_strsplit.c
ft_strsplit.o
ft_strstr.c
ft_strstr.o
ft_strsub.c
ft_strsub.o
ft_strtrim.c
ft_strtrim.o
ft_strupper.c
ft_strupper.o
ft_swap_charstr.c
ft_swap_charstr.o
ft_swap_endian.c
ft_swap_endian.o
ft_tolower.c
ft_tolower.o
ft_toupper.c
ft_toupper.o
ft_uitoa.c
ft_uitoa.o
ft_ullitoa_base.c
ft_ullitoa_base.o
ft_word_count.c
ft_word_count.o
ftptf_char_form.c
ftptf_char_form.o
ftptf_field_flags.c
ftptf_field_flags.o
ftptf_field_man_flag.c
ftptf_field_man_flag.o
ftptf_flag_checker.c
ftptf_flag_checker.o
ftptf_float_form.c
ftptf_float_form.o
ftptf_format_str.c
ftptf_format_str.o
ftptf_int_form.c
ftptf_int_form.o
ftptf_prec_man_flag.c
ftptf_prec_man_flag.o
ftptf_set_fflags.c
ftptf_set_fflags.o
ftptf_set_form.c
ftptf_set_form.o
get_next_line.c
get_next_line.o
int_form.c
libft.a
libft.h
makefile
prec_man_flag.c
reverse_bits.c
set_fflags.c
set_form.c
swap_bits.c

./test:
./trash:
ans_output.txt
ft_sortwords.c
recursive_flag_funct.c

